,RowNo,Deal Name,D1,D2,D3,D4,D5,Active Flag,Country,Currency,Company,Country name,AsOfDate,ProcessIdentifier,Rowhash
0,0,deal1,12.9,67.9,-92.19,-23.01,100.2,Yes,USA,USD,APL,United States of America,2021-09-09 21:14:14.444147,ICG,2189734243839406105
1,1,deal2,15.9,67.9,-47.19,-23.01,39.2,Yes,UK,GBP,APL,United Kingdom,2021-09-09 21:14:14.444147,ICG,1414437591758782363
